// Jest Snapshot v1, https://goo.gl/fbAQLP

exports[`should render App 1`] = `
<div
  data-testid="hello"
>
  Hello World
</div>
`;
