// Jest Snapshot v1, https://goo.gl/fbAQLP

exports[`should render an empty message when no books 1`] = `
<div>
  Hello World
</div>
`;
